// Jest Snapshot v1, https://goo.gl/fbAQLP

exports[`Should render Film overview correctly 1`] = `
Array [
  <div
    className="movie-rating"
  >
    <div
      className="movie-rating__score"
    >
      8.9
    </div>
    <p
      className="movie-rating__meta"
    >
      <span
        className="movie-rating__level"
      >
        Very good
      </span>
      <span
        className="movie-rating__count"
      >
        894 ratings
      </span>
    </p>
  </div>,
  <div
    className="movie-card__text"
  >
    <p>
      Some text
    </p>
    <p
      className="movie-card__director"
    >
      <strong>
        Director: John Dow
      </strong>
    </p>
    <p
      className="movie-card__starring"
    >
      <strong>
        Starring: Actor, Actress
      </strong>
    </p>
  </div>,
]
`;
