// Jest Snapshot v1, https://goo.gl/fbAQLP

exports[`Should render FilmCard correctly 1`] = `
<div>
  Loading...
</div>
`;
