// Jest Snapshot v1, https://goo.gl/fbAQLP

exports[`Should render Player button correctly 1`] = `
<button
  className="player__play"
  onClick={[MockFunction]}
  type="button"
>
  <svg
    height="19"
    viewBox="0 0 19 19"
    width="19"
  >
    <use
      xlinkHref="#play-s"
    />
  </svg>
  <span>
    Play
  </span>
</button>
`;
