// Jest Snapshot v1, https://goo.gl/fbAQLP

exports[`MovieCard render Should render movie card 1`] = `
<article
  className="small-movie-card catalog__movies-card"
>
  <button
    className="small-movie-card__play-btn"
    onClick={[Function]}
    type="button"
  >
    Play
  </button>
  <div
    className="small-movie-card__image"
  >
    <img
      alt="Need Mass Effect movie"
      height="175"
      src=""
      width="280"
    />
  </div>
  <h3
    className="small-movie-card__title"
  >
    <a
      className="small-movie-card__link"
      href="movie-page.html"
    >
      Need Mass Effect movie
    </a>
  </h3>
</article>
`;
