// Jest Snapshot v1, https://goo.gl/fbAQLP

exports[`Should render Film hero correctly 1`] = `
<div
  className="movie-card__hero"
>
  <div
    className="movie-card__bg"
  >
    <img
      alt="The Grand Budapest Hotel"
      src="#F5F5F5"
    />
  </div>
  <h1
    className="visually-hidden"
  >
    WTW
  </h1>
  <header
    className="page-header undefined"
  >
    <div
      className="logo"
    >
      <a
        className="logo__link"
        href="/"
        onClick={[Function]}
      >
        <span
          className="logo__letter logo__letter--1"
        >
          W
        </span>
        <span
          className="logo__letter logo__letter--2"
        >
          T
        </span>
        <span
          className="logo__letter logo__letter--3"
        >
          W
        </span>
      </a>
    </div>
    <div
      className="user-block"
    >
      <a
        className="user-block__link"
        href="/login"
        onClick={[Function]}
      >
        Sign in
      </a>
    </div>
  </header>
  <div
    className="movie-card__wrap"
  >
    <div
      className="movie-card__desc"
    >
      <h2
        className="movie-card__title"
      >
        Movie
      </h2>
      <p
        className="movie-card__meta"
      >
        <span
          className="movie-card__genre"
        >
          Action
        </span>
        <span
          className="movie-card__year"
        >
          1992
        </span>
      </p>
      <div
        className="movie-card__buttons"
      >
        <button
          className="btn btn--play movie-card__button"
          onClick={[Function]}
          type="button"
        >
          <svg
            height="19"
            viewBox="0 0 19 19"
            width="19"
          >
            <use
              xlinkHref="#play-s"
            />
          </svg>
          <span>
            Play
          </span>
        </button>
        <button
          className="btn btn--list movie-card__button"
          type="button"
        >
          <svg
            height="20"
            viewBox="0 0 19 20"
            width="19"
          >
            <use
              xlinkHref="#add"
            />
          </svg>
          <span>
            My list
          </span>
        </button>
        <a
          className="btn movie-card__button"
          href="add-review.html"
        >
          Add review
        </a>
      </div>
    </div>
  </div>
</div>
`;
